LTspice 26.0.2 for Windows
Circuit: C:\users\abdaal\Documents\hardware-autotune\ltspice\output.net
Start Time: Sun Aug 23 02:36:21 2026
solver = Normal
Maximum thread count: 12
tnom = 27
temp = 27
method = trap
C1: Increased Cpar to 1e-11
Early termination of direct N-R iteration.
Direct Newton iteration failed to find operating point.
Starting Gmin stepping
Gmin stepping failed to find operating point. Use".option gminsteps=0" to skip all Gmin stepping.
Starting source stepping with srcstepmethod=0
Source stepping succeeded in finding the operating point.

Total elapsed time: 0.463 seconds.

Files loaded:
C:\users\abdaal\Documents\hardware-autotune\ltspice\output.net
C:\users\abdaal\AppData\Local\LTspice\lib\cmp\standard.dio
C:\users\abdaal\AppData\Local\LTspice\lib\cmp\standard.mos
C:\users\abdaal\Documents\hardware-autotune\ltspice\NJM4556A.sub
C:\users\abdaal\Documents\hardware-autotune\ltspice\NE5532.inc

